[INFO] Scanning for projects...
[INFO] 
[INFO] --------------------------< com.fwai:turtle >---------------------------
[INFO] Building turtle 0.0.1-SNAPSHOT
[INFO]   from pom.xml
[INFO] --------------------------------[ jar ]---------------------------------
[INFO] 
[INFO] >>> spring-boot:3.3.1:run (default-cli) > test-compile @ turtle >>>
[INFO] 
[INFO] --- resources:3.3.1:resources (default-resources) @ turtle ---
[INFO] Copying 2 resources from src/main/resources to target/classes
[INFO] Copying 10 resources from src/main/resources to target/classes
[INFO] 
[INFO] --- compiler:3.11.0:compile (default-compile) @ turtle ---
[INFO] Nothing to compile - all classes are up to date
[INFO] 
[INFO] --- resources:3.3.1:testResources (default-testResources) @ turtle ---
[INFO] Copying 1 resource from src/test/resources to target/test-classes
[INFO] 
[INFO] --- compiler:3.11.0:testCompile (default-testCompile) @ turtle ---
[INFO] Nothing to compile - all classes are up to date
[INFO] 
[INFO] <<< spring-boot:3.3.1:run (default-cli) < test-compile @ turtle <<<
[INFO] 
[INFO] 
[INFO] --- spring-boot:3.3.1:run (default-cli) @ turtle ---
[INFO] Attaching agents: []

  .   ____          _            __ _ _
 /\\ / ___'_ __ _ _(_)_ __  __ _ \ \ \ \
( ( )\___ | '_ | '_| | '_ \/ _` | \ \ \ \
 \\/  ___)| |_)| | | | | || (_| |  ) ) ) )
  '  |____| .__|_| |_|_| |_\__, | / / / /
 =========|_|==============|___/=/_/_/_/

 :: Spring Boot ::                (v3.3.1)

2025-09-11T17:56:56.974-07:00  INFO 16003 --- [           main] com.fwai.turtle.TurtleApplication        : Starting TurtleApplication using Java 21.0.8 with PID 16003 (/Users/hejian/WorkSpace/src/turtle/backend/target/classes started by hejian in /Users/hejian/WorkSpace/src/turtle/backend)
2025-09-11T17:56:56.975-07:00 DEBUG 16003 --- [           main] com.fwai.turtle.TurtleApplication        : Running with Spring Boot v3.3.1, Spring v6.1.10
2025-09-11T17:56:56.975-07:00  INFO 16003 --- [           main] com.fwai.turtle.TurtleApplication        : The following 1 profile is active: "dev"
2025-09-11T17:56:57.316-07:00  INFO 16003 --- [           main] .s.d.r.c.RepositoryConfigurationDelegate : Multiple Spring Data modules found, entering strict repository configuration mode
2025-09-11T17:56:57.316-07:00  INFO 16003 --- [           main] .s.d.r.c.RepositoryConfigurationDelegate : Bootstrapping Spring Data JPA repositories in DEFAULT mode.
2025-09-11T17:56:57.389-07:00  INFO 16003 --- [           main] .s.d.r.c.RepositoryConfigurationDelegate : Finished Spring Data repository scanning in 70 ms. Found 31 JPA repository interfaces.
2025-09-11T17:56:57.591-07:00  INFO 16003 --- [           main] .s.d.r.c.RepositoryConfigurationDelegate : Multiple Spring Data modules found, entering strict repository configuration mode
2025-09-11T17:56:57.591-07:00  INFO 16003 --- [           main] .s.d.r.c.RepositoryConfigurationDelegate : Bootstrapping Spring Data Redis repositories in DEFAULT mode.
2025-09-11T17:56:57.612-07:00  INFO 16003 --- [           main] .RepositoryConfigurationExtensionSupport : Spring Data Redis - Could not safely identify store assignment for repository candidate interface com.fwai.turtle.base.repository.FileRepository; If you want this repository to be a Redis repository, consider annotating your entities with one of these annotations: org.springframework.data.redis.core.RedisHash (preferred), or consider extending one of the following types with your repository: org.springframework.data.keyvalue.repository.KeyValueRepository
2025-09-11T17:56:57.612-07:00  INFO 16003 --- [           main] .RepositoryConfigurationExtensionSupport : Spring Data Redis - Could not safely identify store assignment for repository candidate interface com.fwai.turtle.base.repository.PermissionGroupRepository; If you want this repository to be a Redis repository, consider annotating your entities with one of these annotations: org.springframework.data.redis.core.RedisHash (preferred), or consider extending one of the following types with your repository: org.springframework.data.keyvalue.repository.KeyValueRepository
2025-09-11T17:56:57.612-07:00  INFO 16003 --- [           main] .RepositoryConfigurationExtensionSupport : Spring Data Redis - Could not safely identify store assignment for repository candidate interface com.fwai.turtle.base.repository.RolePermissionRepository; If you want this repository to be a Redis repository, consider annotating your entities with one of these annotations: org.springframework.data.redis.core.RedisHash (preferred), or consider extending one of the following types with your repository: org.springframework.data.keyvalue.repository.KeyValueRepository
2025-09-11T17:56:57.612-07:00  INFO 16003 --- [           main] .RepositoryConfigurationExtensionSupport : Spring Data Redis - Could not safely identify store assignment for repository candidate interface com.fwai.turtle.base.repository.RoleRepository; If you want this repository to be a Redis repository, consider annotating your entities with one of these annotations: org.springframework.data.redis.core.RedisHash (preferred), or consider extending one of the following types with your repository: org.springframework.data.keyvalue.repository.KeyValueRepository
2025-09-11T17:56:57.612-07:00  INFO 16003 --- [           main] .RepositoryConfigurationExtensionSupport : Spring Data Redis - Could not safely identify store assignment for repository candidate interface com.fwai.turtle.base.repository.SequenceRepository; If you want this repository to be a Redis repository, consider annotating your entities with one of these annotations: org.springframework.data.redis.core.RedisHash (preferred), or consider extending one of the following types with your repository: org.springframework.data.keyvalue.repository.KeyValueRepository
2025-09-11T17:56:57.612-07:00  INFO 16003 --- [           main] .RepositoryConfigurationExtensionSupport : Spring Data Redis - Could not safely identify store assignment for repository candidate interface com.fwai.turtle.base.repository.UserRepository; If you want this repository to be a Redis repository, consider annotating your entities with one of these annotations: org.springframework.data.redis.core.RedisHash (preferred), or consider extending one of the following types with your repository: org.springframework.data.keyvalue.repository.KeyValueRepository
2025-09-11T17:56:57.612-07:00  INFO 16003 --- [           main] .RepositoryConfigurationExtensionSupport : Spring Data Redis - Could not safely identify store assignment for repository candidate interface com.fwai.turtle.modules.customer.repository.CompanyRepository; If you want this repository to be a Redis repository, consider annotating your entities with one of these annotations: org.springframework.data.redis.core.RedisHash (preferred), or consider extending one of the following types with your repository: org.springframework.data.keyvalue.repository.KeyValueRepository
2025-09-11T17:56:57.613-07:00  INFO 16003 --- [           main] .RepositoryConfigurationExtensionSupport : Spring Data Redis - Could not safely identify store assignment for repository candidate interface com.fwai.turtle.modules.customer.repository.ContactRepository; If you want this repository to be a Redis repository, consider annotating your entities with one of these annotations: org.springframework.data.redis.core.RedisHash (preferred), or consider extending one of the following types with your repository: org.springframework.data.keyvalue.repository.KeyValueRepository
2025-09-11T17:56:57.613-07:00  INFO 16003 --- [           main] .RepositoryConfigurationExtensionSupport : Spring Data Redis - Could not safely identify store assignment for repository candidate interface com.fwai.turtle.modules.customer.repository.PersonRepository; If you want this repository to be a Redis repository, consider annotating your entities with one of these annotations: org.springframework.data.redis.core.RedisHash (preferred), or consider extending one of the following types with your repository: org.springframework.data.keyvalue.repository.KeyValueRepository
2025-09-11T17:56:57.613-07:00  INFO 16003 --- [           main] .RepositoryConfigurationExtensionSupport : Spring Data Redis - Could not safely identify store assignment for repository candidate interface com.fwai.turtle.modules.customer.repository.ProductRepository; If you want this repository to be a Redis repository, consider annotating your entities with one of these annotations: org.springframework.data.redis.core.RedisHash (preferred), or consider extending one of the following types with your repository: org.springframework.data.keyvalue.repository.KeyValueRepository
2025-09-11T17:56:57.613-07:00  INFO 16003 --- [           main] .RepositoryConfigurationExtensionSupport : Spring Data Redis - Could not safely identify store assignment for repository candidate interface com.fwai.turtle.modules.finance.repository.BankAccountRepository; If you want this repository to be a Redis repository, consider annotating your entities with one of these annotations: org.springframework.data.redis.core.RedisHash (preferred), or consider extending one of the following types with your repository: org.springframework.data.keyvalue.repository.KeyValueRepository
2025-09-11T17:56:57.613-07:00  INFO 16003 --- [           main] .RepositoryConfigurationExtensionSupport : Spring Data Redis - Could not safely identify store assignment for repository candidate interface com.fwai.turtle.modules.finance.repository.CurrencyRepository; If you want this repository to be a Redis repository, consider annotating your entities with one of these annotations: org.springframework.data.redis.core.RedisHash (preferred), or consider extending one of the following types with your repository: org.springframework.data.keyvalue.repository.KeyValueRepository
2025-09-11T17:56:57.613-07:00  INFO 16003 --- [           main] .RepositoryConfigurationExtensionSupport : Spring Data Redis - Could not safely identify store assignment for repository candidate interface com.fwai.turtle.modules.finance.repository.InvoiceRepository; If you want this repository to be a Redis repository, consider annotating your entities with one of these annotations: org.springframework.data.redis.core.RedisHash (preferred), or consider extending one of the following types with your repository: org.springframework.data.keyvalue.repository.KeyValueRepository
2025-09-11T17:56:57.613-07:00  INFO 16003 --- [           main] .RepositoryConfigurationExtensionSupport : Spring Data Redis - Could not safely identify store assignment for repository candidate interface com.fwai.turtle.modules.finance.repository.ReimbursementItemRepository; If you want this repository to be a Redis repository, consider annotating your entities with one of these annotations: org.springframework.data.redis.core.RedisHash (preferred), or consider extending one of the following types with your repository: org.springframework.data.keyvalue.repository.KeyValueRepository
2025-09-11T17:56:57.613-07:00  INFO 16003 --- [           main] .RepositoryConfigurationExtensionSupport : Spring Data Redis - Could not safely identify store assignment for repository candidate interface com.fwai.turtle.modules.finance.repository.ReimbursementRepository; If you want this repository to be a Redis repository, consider annotating your entities with one of these annotations: org.springframework.data.redis.core.RedisHash (preferred), or consider extending one of the following types with your repository: org.springframework.data.keyvalue.repository.KeyValueRepository
2025-09-11T17:56:57.613-07:00  INFO 16003 --- [           main] .RepositoryConfigurationExtensionSupport : Spring Data Redis - Could not safely identify store assignment for repository candidate interface com.fwai.turtle.modules.finance.repository.TaxInfoRepository; If you want this repository to be a Redis repository, consider annotating your entities with one of these annotations: org.springframework.data.redis.core.RedisHash (preferred), or consider extending one of the following types with your repository: org.springframework.data.keyvalue.repository.KeyValueRepository
2025-09-11T17:56:57.613-07:00  INFO 16003 --- [           main] .RepositoryConfigurationExtensionSupport : Spring Data Redis - Could not safely identify store assignment for repository candidate interface com.fwai.turtle.modules.organization.repository.DepartmentRepository; If you want this repository to be a Redis repository, consider annotating your entities with one of these annotations: org.springframework.data.redis.core.RedisHash (preferred), or consider extending one of the following types with your repository: org.springframework.data.keyvalue.repository.KeyValueRepository
2025-09-11T17:56:57.613-07:00  INFO 16003 --- [           main] .RepositoryConfigurationExtensionSupport : Spring Data Redis - Could not safely identify store assignment for repository candidate interface com.fwai.turtle.modules.organization.repository.EmployeeApplicationRepository; If you want this repository to be a Redis repository, consider annotating your entities with one of these annotations: org.springframework.data.redis.core.RedisHash (preferred), or consider extending one of the following types with your repository: org.springframework.data.keyvalue.repository.KeyValueRepository
2025-09-11T17:56:57.613-07:00  INFO 16003 --- [           main] .RepositoryConfigurationExtensionSupport : Spring Data Redis - Could not safely identify store assignment for repository candidate interface com.fwai.turtle.modules.organization.repository.EmployeeAttendanceRepository; If you want this repository to be a Redis repository, consider annotating your entities with one of these annotations: org.springframework.data.redis.core.RedisHash (preferred), or consider extending one of the following types with your repository: org.springframework.data.keyvalue.repository.KeyValueRepository
2025-09-11T17:56:57.613-07:00  INFO 16003 --- [           main] .RepositoryConfigurationExtensionSupport : Spring Data Redis - Could not safely identify store assignment for repository candidate interface com.fwai.turtle.modules.organization.repository.EmployeeEducationRepository; If you want this repository to be a Redis repository, consider annotating your entities with one of these annotations: org.springframework.data.redis.core.RedisHash (preferred), or consider extending one of the following types with your repository: org.springframework.data.keyvalue.repository.KeyValueRepository
2025-09-11T17:56:57.613-07:00  INFO 16003 --- [           main] .RepositoryConfigurationExtensionSupport : Spring Data Redis - Could not safely identify store assignment for repository candidate interface com.fwai.turtle.modules.organization.repository.EmployeeJobHistoryRepository; If you want this repository to be a Redis repository, consider annotating your entities with one of these annotations: org.springframework.data.redis.core.RedisHash (preferred), or consider extending one of the following types with your repository: org.springframework.data.keyvalue.repository.KeyValueRepository
2025-09-11T17:56:57.613-07:00  INFO 16003 --- [           main] .RepositoryConfigurationExtensionSupport : Spring Data Redis - Could not safely identify store assignment for repository candidate interface com.fwai.turtle.modules.organization.repository.EmployeeLeaveRepository; If you want this repository to be a Redis repository, consider annotating your entities with one of these annotations: org.springframework.data.redis.core.RedisHash (preferred), or consider extending one of the following types with your repository: org.springframework.data.keyvalue.repository.KeyValueRepository
2025-09-11T17:56:57.613-07:00  INFO 16003 --- [           main] .RepositoryConfigurationExtensionSupport : Spring Data Redis - Could not safely identify store assignment for repository candidate interface com.fwai.turtle.modules.organization.repository.EmployeePayrollRepository; If you want this repository to be a Redis repository, consider annotating your entities with one of these annotations: org.springframework.data.redis.core.RedisHash (preferred), or consider extending one of the following types with your repository: org.springframework.data.keyvalue.repository.KeyValueRepository
2025-09-11T17:56:57.613-07:00  INFO 16003 --- [           main] .RepositoryConfigurationExtensionSupport : Spring Data Redis - Could not safely identify store assignment for repository candidate interface com.fwai.turtle.modules.organization.repository.EmployeeRepository; If you want this repository to be a Redis repository, consider annotating your entities with one of these annotations: org.springframework.data.redis.core.RedisHash (preferred), or consider extending one of the following types with your repository: org.springframework.data.keyvalue.repository.KeyValueRepository
2025-09-11T17:56:57.614-07:00  INFO 16003 --- [           main] .RepositoryConfigurationExtensionSupport : Spring Data Redis - Could not safely identify store assignment for repository candidate interface com.fwai.turtle.modules.organization.repository.PositionRepository; If you want this repository to be a Redis repository, consider annotating your entities with one of these annotations: org.springframework.data.redis.core.RedisHash (preferred), or consider extending one of the following types with your repository: org.springframework.data.keyvalue.repository.KeyValueRepository
2025-09-11T17:56:57.614-07:00  INFO 16003 --- [           main] .RepositoryConfigurationExtensionSupport : Spring Data Redis - Could not safely identify store assignment for repository candidate interface com.fwai.turtle.modules.project.repository.ContractDownPaymentRepository; If you want this repository to be a Redis repository, consider annotating your entities with one of these annotations: org.springframework.data.redis.core.RedisHash (preferred), or consider extending one of the following types with your repository: org.springframework.data.keyvalue.repository.KeyValueRepository
2025-09-11T17:56:57.614-07:00  INFO 16003 --- [           main] .RepositoryConfigurationExtensionSupport : Spring Data Redis - Could not safely identify store assignment for repository candidate interface com.fwai.turtle.modules.project.repository.ContractItemRepository; If you want this repository to be a Redis repository, consider annotating your entities with one of these annotations: org.springframework.data.redis.core.RedisHash (preferred), or consider extending one of the following types with your repository: org.springframework.data.keyvalue.repository.KeyValueRepository
2025-09-11T17:56:57.614-07:00  INFO 16003 --- [           main] .RepositoryConfigurationExtensionSupport : Spring Data Redis - Could not safely identify store assignment for repository candidate interface com.fwai.turtle.modules.project.repository.ContractRepository; If you want this repository to be a Redis repository, consider annotating your entities with one of these annotations: org.springframework.data.redis.core.RedisHash (preferred), or consider extending one of the following types with your repository: org.springframework.data.keyvalue.repository.KeyValueRepository
2025-09-11T17:56:57.614-07:00  INFO 16003 --- [           main] .RepositoryConfigurationExtensionSupport : Spring Data Redis - Could not safely identify store assignment for repository candidate interface com.fwai.turtle.modules.project.repository.InventoryRepository; If you want this repository to be a Redis repository, consider annotating your entities with one of these annotations: org.springframework.data.redis.core.RedisHash (preferred), or consider extending one of the following types with your repository: org.springframework.data.keyvalue.repository.KeyValueRepository
2025-09-11T17:56:57.614-07:00  INFO 16003 --- [           main] .RepositoryConfigurationExtensionSupport : Spring Data Redis - Could not safely identify store assignment for repository candidate interface com.fwai.turtle.modules.project.repository.ProjectRepository; If you want this repository to be a Redis repository, consider annotating your entities with one of these annotations: org.springframework.data.redis.core.RedisHash (preferred), or consider extending one of the following types with your repository: org.springframework.data.keyvalue.repository.KeyValueRepository
2025-09-11T17:56:57.614-07:00  INFO 16003 --- [           main] .RepositoryConfigurationExtensionSupport : Spring Data Redis - Could not safely identify store assignment for repository candidate interface com.fwai.turtle.security.repository.TokenAuditRepository; If you want this repository to be a Redis repository, consider annotating your entities with one of these annotations: org.springframework.data.redis.core.RedisHash (preferred), or consider extending one of the following types with your repository: org.springframework.data.keyvalue.repository.KeyValueRepository
2025-09-11T17:56:57.614-07:00  INFO 16003 --- [           main] .s.d.r.c.RepositoryConfigurationDelegate : Finished Spring Data repository scanning in 19 ms. Found 0 Redis repository interfaces.
2025-09-11T17:56:57.933-07:00  INFO 16003 --- [           main] o.s.b.w.embedded.tomcat.TomcatWebServer  : Tomcat initialized with port 8080 (http)
2025-09-11T17:56:57.938-07:00  INFO 16003 --- [           main] o.apache.catalina.core.StandardService   : Starting service [Tomcat]
2025-09-11T17:56:57.938-07:00  INFO 16003 --- [           main] o.apache.catalina.core.StandardEngine    : Starting Servlet engine: [Apache Tomcat/10.1.25]
2025-09-11T17:56:57.962-07:00  INFO 16003 --- [           main] o.a.c.c.C.[Tomcat].[localhost].[/]       : Initializing Spring embedded WebApplicationContext
2025-09-11T17:56:57.962-07:00  INFO 16003 --- [           main] w.s.c.ServletWebServerApplicationContext : Root WebApplicationContext: initialization completed in 971 ms
2025-09-11T17:56:58.221-07:00  INFO 16003 --- [           main] com.zaxxer.hikari.HikariDataSource       : HikariPool-1 - Starting...
2025-09-11T17:56:58.307-07:00  INFO 16003 --- [           main] com.zaxxer.hikari.pool.HikariPool        : HikariPool-1 - Added connection org.postgresql.jdbc.PgConnection@4fea095b
2025-09-11T17:56:58.307-07:00  INFO 16003 --- [           main] com.zaxxer.hikari.HikariDataSource       : HikariPool-1 - Start completed.
2025-09-11T17:56:58.319-07:00  INFO 16003 --- [           main] org.flywaydb.core.FlywayExecutor         : Database: jdbc:postgresql://127.0.0.1:5432/emsdb (PostgreSQL 14.15)
2025-09-11T17:56:58.372-07:00  INFO 16003 --- [           main] o.f.core.internal.command.DbMigrate      : Current version of schema "public": 20250730190001
2025-09-11T17:56:58.373-07:00  INFO 16003 --- [           main] o.f.core.internal.command.DbMigrate      : Schema "public" is up to date. No migration necessary.
2025-09-11T17:56:58.416-07:00  INFO 16003 --- [           main] o.hibernate.jpa.internal.util.LogHelper  : HHH000204: Processing PersistenceUnitInfo [name: default]
2025-09-11T17:56:58.438-07:00  INFO 16003 --- [           main] org.hibernate.Version                    : HHH000412: Hibernate ORM core version 6.5.2.Final
2025-09-11T17:56:58.449-07:00  INFO 16003 --- [           main] o.h.c.internal.RegionFactoryInitiator    : HHH000026: Second-level cache disabled
2025-09-11T17:56:58.544-07:00  INFO 16003 --- [           main] o.s.o.j.p.SpringPersistenceUnitInfo      : No LoadTimeWeaver setup: ignoring JPA class transformer
2025-09-11T17:56:58.570-07:00  WARN 16003 --- [           main] org.hibernate.orm.deprecation            : HHH90000025: PostgreSQLDialect does not need to be specified explicitly using 'hibernate.dialect' (remove the property setting and it will be selected by default)
2025-09-11T17:56:59.175-07:00  INFO 16003 --- [           main] o.h.e.t.j.p.i.JtaPlatformInitiator       : HHH000489: No JTA platform available (set 'hibernate.transaction.jta.platform' to enable JTA platform integration)
2025-09-11T17:56:59.216-07:00  INFO 16003 --- [           main] j.LocalContainerEntityManagerFactoryBean : Initialized JPA EntityManagerFactory for persistence unit 'default'
2025-09-11T17:56:59.349-07:00 DEBUG 16003 --- [           main] c.f.t.s.config.JwtAuthenticationFilter   : Filter 'jwtAuthenticationFilter' configured for use
2025-09-11T17:56:59.349-07:00 DEBUG 16003 --- [           main] o.s.w.f.ServerHttpObservationFilter      : Filter 'webMvcObservationFilter' configured for use
2025-09-11T17:56:59.391-07:00  INFO 16003 --- [           main] o.s.d.j.r.query.QueryEnhancerFactory     : Hibernate is in classpath; If applicable, HQL parser will be used.
2025-09-11T17:57:00.095-07:00  INFO 16003 --- [           main] o.f.s.b.c.CmmnEngineAutoConfiguration    : No deployment resources were found for autodeployment
2025-09-11T17:57:00.161-07:00  INFO 16003 --- [           main] o.f.s.b.dmn.DmnEngineAutoConfiguration   : No deployment resources were found for autodeployment
2025-09-11T17:57:00.187-07:00  INFO 16003 --- [           main] o.f.s.b.e.EventRegistryAutoConfiguration : No deployment resources were found for autodeployment
2025-09-11T17:57:00.227-07:00  INFO 16003 --- [           main] o.f.s.b.app.AppEngineAutoConfiguration   : No deployment resources were found for autodeployment
2025-09-11T17:57:00.247-07:00  INFO 16003 --- [           main] o.f.a.s.SpringAppEngineConfiguration     : Found 5 Engine Configurators in total:
2025-09-11T17:57:00.247-07:00  INFO 16003 --- [           main] o.f.a.s.SpringAppEngineConfiguration     : class org.flowable.engine.spring.configurator.SpringProcessEngineConfigurator (priority:50000)
2025-09-11T17:57:00.247-07:00  INFO 16003 --- [           main] o.f.a.s.SpringAppEngineConfiguration     : class org.flowable.eventregistry.spring.configurator.SpringEventRegistryConfigurator (priority:100000)
2025-09-11T17:57:00.247-07:00  INFO 16003 --- [           main] o.f.a.s.SpringAppEngineConfiguration     : class org.flowable.idm.spring.configurator.SpringIdmEngineConfigurator (priority:150000)
2025-09-11T17:57:00.247-07:00  INFO 16003 --- [           main] o.f.a.s.SpringAppEngineConfiguration     : class org.flowable.dmn.spring.configurator.SpringDmnEngineConfigurator (priority:200000)
2025-09-11T17:57:00.247-07:00  INFO 16003 --- [           main] o.f.a.s.SpringAppEngineConfiguration     : class org.flowable.cmmn.spring.configurator.SpringCmmnEngineConfigurator (priority:500000)
2025-09-11T17:57:00.247-07:00  INFO 16003 --- [           main] o.f.a.s.SpringAppEngineConfiguration     : Executing beforeInit() of class org.flowable.engine.spring.configurator.SpringProcessEngineConfigurator (priority:50000)
2025-09-11T17:57:00.262-07:00  INFO 16003 --- [           main] o.f.a.s.SpringAppEngineConfiguration     : Executing beforeInit() of class org.flowable.eventregistry.spring.configurator.SpringEventRegistryConfigurator (priority:100000)
2025-09-11T17:57:00.263-07:00  INFO 16003 --- [           main] o.f.a.s.SpringAppEngineConfiguration     : Executing beforeInit() of class org.flowable.idm.spring.configurator.SpringIdmEngineConfigurator (priority:150000)
2025-09-11T17:57:00.264-07:00  INFO 16003 --- [           main] o.f.a.s.SpringAppEngineConfiguration     : Executing beforeInit() of class org.flowable.dmn.spring.configurator.SpringDmnEngineConfigurator (priority:200000)
2025-09-11T17:57:00.265-07:00  INFO 16003 --- [           main] o.f.a.s.SpringAppEngineConfiguration     : Executing beforeInit() of class org.flowable.cmmn.spring.configurator.SpringCmmnEngineConfigurator (priority:500000)
2025-09-11T17:57:00.656-07:00  INFO 16003 --- [           main] o.f.a.s.SpringAppEngineConfiguration     : Executing configure() of class org.flowable.engine.spring.configurator.SpringProcessEngineConfigurator (priority:50000)
2025-09-11T17:57:00.769-07:00  INFO 16003 --- [           main] o.f.engine.impl.ProcessEngineImpl        : ProcessEngine default created
2025-09-11T17:57:00.784-07:00  INFO 16003 --- [           main] o.f.e.impl.cmd.ValidateV5EntitiesCmd     : Total of v5 deployments found: 0
2025-09-11T17:57:00.788-07:00  INFO 16003 --- [           main] o.f.a.s.SpringAppEngineConfiguration     : Executing configure() of class org.flowable.eventregistry.spring.configurator.SpringEventRegistryConfigurator (priority:100000)
2025-09-11T17:57:00.867-07:00  INFO 16003 --- [           main] liquibase.database                       : Set default schema name to public
2025-09-11T17:57:01.022-07:00  INFO 16003 --- [           main] liquibase.changelog                      : Reading from public.flw_ev_databasechangelog
Database is up to date, no changesets to execute
2025-09-11T17:57:01.048-07:00  INFO 16003 --- [           main] liquibase.changelog                      : Reading from public.flw_ev_databasechangelog

UPDATE SUMMARY
Run:                          0
Previously run:               3
Filtered out:                 0
-------------------------------
Total change sets:            3

2025-09-11T17:57:01.051-07:00  INFO 16003 --- [           main] liquibase.util                           : UPDATE SUMMARY
2025-09-11T17:57:01.051-07:00  INFO 16003 --- [           main] liquibase.util                           : Run:                          0
2025-09-11T17:57:01.052-07:00  INFO 16003 --- [           main] liquibase.util                           : Previously run:               3
2025-09-11T17:57:01.052-07:00  INFO 16003 --- [           main] liquibase.util                           : Filtered out:                 0
2025-09-11T17:57:01.052-07:00  INFO 16003 --- [           main] liquibase.util                           : -------------------------------
2025-09-11T17:57:01.052-07:00  INFO 16003 --- [           main] liquibase.util                           : Total change sets:            3
2025-09-11T17:57:01.052-07:00  INFO 16003 --- [           main] liquibase.util                           : Update summary generated
2025-09-11T17:57:01.063-07:00  INFO 16003 --- [           main] liquibase.lockservice                    : Successfully released change log lock
2025-09-11T17:57:01.064-07:00  INFO 16003 --- [           main] liquibase.command                        : Command execution complete
2025-09-11T17:57:01.065-07:00  INFO 16003 --- [           main] o.f.e.impl.EventRegistryEngineImpl       : EventRegistryEngine default created
2025-09-11T17:57:01.065-07:00  INFO 16003 --- [           main] o.f.a.s.SpringAppEngineConfiguration     : Executing configure() of class org.flowable.idm.spring.configurator.SpringIdmEngineConfigurator (priority:150000)
2025-09-11T17:57:01.076-07:00  INFO 16003 --- [           main] o.f.idm.engine.impl.IdmEngineImpl        : IdmEngine default created
2025-09-11T17:57:01.076-07:00  INFO 16003 --- [           main] o.f.a.s.SpringAppEngineConfiguration     : Executing configure() of class org.flowable.dmn.spring.configurator.SpringDmnEngineConfigurator (priority:200000)
2025-09-11T17:57:01.089-07:00  INFO 16003 --- [           main] liquibase.database                       : Set default schema name to public
2025-09-11T17:57:01.107-07:00  INFO 16003 --- [           main] liquibase.changelog                      : Reading from public.act_dmn_databasechangelog
Database is up to date, no changesets to execute
2025-09-11T17:57:01.120-07:00  INFO 16003 --- [           main] liquibase.changelog                      : Reading from public.act_dmn_databasechangelog

UPDATE SUMMARY
Run:                          0
Previously run:               8
Filtered out:                 1
-------------------------------
Total change sets:            9


FILTERED CHANGE SETS SUMMARY
DBMS mismatch:                1

2025-09-11T17:57:01.121-07:00  INFO 16003 --- [           main] liquibase.util                           : UPDATE SUMMARY
2025-09-11T17:57:01.121-07:00  INFO 16003 --- [           main] liquibase.util                           : Run:                          0
2025-09-11T17:57:01.121-07:00  INFO 16003 --- [           main] liquibase.util                           : Previously run:               8
2025-09-11T17:57:01.121-07:00  INFO 16003 --- [           main] liquibase.util                           : Filtered out:                 1
2025-09-11T17:57:01.121-07:00  INFO 16003 --- [           main] liquibase.util                           : -------------------------------
2025-09-11T17:57:01.121-07:00  INFO 16003 --- [           main] liquibase.util                           : Total change sets:            9
2025-09-11T17:57:01.121-07:00  INFO 16003 --- [           main] liquibase.util                           : FILTERED CHANGE SETS SUMMARY
2025-09-11T17:57:01.121-07:00  INFO 16003 --- [           main] liquibase.util                           : DBMS mismatch:                1
2025-09-11T17:57:01.122-07:00  INFO 16003 --- [           main] liquibase.util                           : Update summary generated
2025-09-11T17:57:01.125-07:00  INFO 16003 --- [           main] liquibase.lockservice                    : Successfully released change log lock
2025-09-11T17:57:01.125-07:00  INFO 16003 --- [           main] liquibase.command                        : Command execution complete
2025-09-11T17:57:01.126-07:00  INFO 16003 --- [           main] o.f.dmn.engine.impl.DmnEngineImpl        : DmnEngine default created
2025-09-11T17:57:01.126-07:00  INFO 16003 --- [           main] o.f.a.s.SpringAppEngineConfiguration     : Executing configure() of class org.flowable.cmmn.spring.configurator.SpringCmmnEngineConfigurator (priority:500000)
2025-09-11T17:57:01.182-07:00  INFO 16003 --- [           main] liquibase.database                       : Set default schema name to public
2025-09-11T17:57:01.204-07:00  INFO 16003 --- [           main] liquibase.changelog                      : Reading from public.act_cmmn_databasechangelog
Database is up to date, no changesets to execute
2025-09-11T17:57:01.222-07:00  INFO 16003 --- [           main] liquibase.changelog                      : Reading from public.act_cmmn_databasechangelog

UPDATE SUMMARY
Run:                          0
Previously run:              16
Filtered out:                 2
-------------------------------
Total change sets:           18


FILTERED CHANGE SETS SUMMARY
DBMS mismatch:                2

2025-09-11T17:57:01.223-07:00  INFO 16003 --- [           main] liquibase.util                           : UPDATE SUMMARY
2025-09-11T17:57:01.223-07:00  INFO 16003 --- [           main] liquibase.util                           : Run:                          0
2025-09-11T17:57:01.223-07:00  INFO 16003 --- [           main] liquibase.util                           : Previously run:              16
2025-09-11T17:57:01.223-07:00  INFO 16003 --- [           main] liquibase.util                           : Filtered out:                 2
2025-09-11T17:57:01.223-07:00  INFO 16003 --- [           main] liquibase.util                           : -------------------------------
2025-09-11T17:57:01.223-07:00  INFO 16003 --- [           main] liquibase.util                           : Total change sets:           18
2025-09-11T17:57:01.223-07:00  INFO 16003 --- [           main] liquibase.util                           : FILTERED CHANGE SETS SUMMARY
2025-09-11T17:57:01.223-07:00  INFO 16003 --- [           main] liquibase.util                           : DBMS mismatch:                2
2025-09-11T17:57:01.223-07:00  INFO 16003 --- [           main] liquibase.util                           : Update summary generated
2025-09-11T17:57:01.225-07:00  INFO 16003 --- [           main] liquibase.lockservice                    : Successfully released change log lock
2025-09-11T17:57:01.226-07:00  INFO 16003 --- [           main] liquibase.command                        : Command execution complete
2025-09-11T17:57:01.226-07:00  INFO 16003 --- [           main] o.f.cmmn.engine.impl.CmmnEngineImpl      : CmmnEngine default created
2025-09-11T17:57:01.234-07:00  INFO 16003 --- [           main] liquibase.database                       : Set default schema name to public
2025-09-11T17:57:01.245-07:00  INFO 16003 --- [           main] liquibase.changelog                      : Reading from public.act_app_databasechangelog
Database is up to date, no changesets to execute
2025-09-11T17:57:01.251-07:00  INFO 16003 --- [           main] liquibase.changelog                      : Reading from public.act_app_databasechangelog

UPDATE SUMMARY
Run:                          0
Previously run:               2
Filtered out:                 1
-------------------------------
Total change sets:            3


FILTERED CHANGE SETS SUMMARY
DBMS mismatch:                1

2025-09-11T17:57:01.252-07:00  INFO 16003 --- [           main] liquibase.util                           : UPDATE SUMMARY
2025-09-11T17:57:01.252-07:00  INFO 16003 --- [           main] liquibase.util                           : Run:                          0
2025-09-11T17:57:01.252-07:00  INFO 16003 --- [           main] liquibase.util                           : Previously run:               2
2025-09-11T17:57:01.252-07:00  INFO 16003 --- [           main] liquibase.util                           : Filtered out:                 1
2025-09-11T17:57:01.252-07:00  INFO 16003 --- [           main] liquibase.util                           : -------------------------------
2025-09-11T17:57:01.252-07:00  INFO 16003 --- [           main] liquibase.util                           : Total change sets:            3
2025-09-11T17:57:01.252-07:00  INFO 16003 --- [           main] liquibase.util                           : FILTERED CHANGE SETS SUMMARY
2025-09-11T17:57:01.252-07:00  INFO 16003 --- [           main] liquibase.util                           : DBMS mismatch:                1
2025-09-11T17:57:01.252-07:00  INFO 16003 --- [           main] liquibase.util                           : Update summary generated
2025-09-11T17:57:01.253-07:00  INFO 16003 --- [           main] liquibase.lockservice                    : Successfully released change log lock
2025-09-11T17:57:01.254-07:00  INFO 16003 --- [           main] liquibase.command                        : Command execution complete
2025-09-11T17:57:01.254-07:00  INFO 16003 --- [           main] o.f.app.engine.impl.AppEngineImpl        : AppEngine default created
2025-09-11T17:57:01.535-07:00  WARN 16003 --- [           main] JpaBaseConfiguration$JpaWebConfiguration : spring.jpa.open-in-view is enabled by default. Therefore, database queries may be performed during view rendering. Explicitly configure spring.jpa.open-in-view to disable this warning
2025-09-11T17:57:01.582-07:00  INFO 16003 --- [           main] eAuthenticationProviderManagerConfigurer : Global AuthenticationManager configured with AuthenticationProvider bean with name authenticationProvider
2025-09-11T17:57:01.582-07:00  WARN 16003 --- [           main] r$InitializeUserDetailsManagerConfigurer : Global AuthenticationManager configured with an AuthenticationProvider bean. UserDetailsService beans will not be used for username/password login. Consider removing the AuthenticationProvider bean. Alternatively, consider using the UserDetailsService in a manually instantiated DaoAuthenticationProvider.
2025-09-11T17:57:01.678-07:00 DEBUG 16003 --- [           main] s.w.s.m.m.a.RequestMappingHandlerMapping : 261 mappings in 'requestMappingHandlerMapping'
2025-09-11T17:57:01.700-07:00 DEBUG 16003 --- [           main] o.s.w.s.handler.SimpleUrlHandlerMapping  : Patterns [/webjars/**, /**, /swagger-ui*/*swagger-initializer.js, /swagger-ui*/**] in 'resourceHandlerMapping'
2025-09-11T17:57:01.752-07:00  INFO 16003 --- [           main] o.s.b.a.e.web.EndpointLinksResolver      : Exposing 4 endpoints beneath base path '/actuator'
2025-09-11T17:57:01.783-07:00 DEBUG 16003 --- [           main] o.s.s.web.DefaultSecurityFilterChain     : Will secure any request with filters: DisableEncodeUrlFilter, WebAsyncManagerIntegrationFilter, SecurityContextHolderFilter, HeaderWriterFilter, CorsFilter, LogoutFilter, JwtAuthenticationFilter, RequestCacheAwareFilter, SecurityContextHolderAwareRequestFilter, AnonymousAuthenticationFilter, SessionManagementFilter, ExceptionTranslationFilter, AuthorizationFilter
2025-09-11T17:57:01.821-07:00 DEBUG 16003 --- [           main] s.w.s.m.m.a.RequestMappingHandlerAdapter : ControllerAdvice beans: 0 @ModelAttribute, 0 @InitBinder, 1 RequestBodyAdvice, 1 ResponseBodyAdvice
2025-09-11T17:57:01.840-07:00 DEBUG 16003 --- [           main] .m.m.a.ExceptionHandlerExceptionResolver : ControllerAdvice beans: 2 @ExceptionHandler, 1 ResponseBodyAdvice
2025-09-11T17:57:02.103-07:00  INFO 16003 --- [           main] o.f.j.s.i.a.AbstractAsyncExecutor        : Starting up the async job executor [org.flowable.spring.job.service.SpringAsyncExecutor] for engine cmmn
2025-09-11T17:57:02.113-07:00  INFO 16003 --- [       Thread-3] o.f.j.s.i.a.ResetExpiredJobsRunnable     : starting to reset expired jobs for engine cmmn
2025-09-11T17:57:02.113-07:00  INFO 16003 --- [           main] o.f.j.s.i.a.AbstractAsyncExecutor        : Starting up the async job executor [org.flowable.spring.job.service.SpringAsyncExecutor] for engine bpmn
2025-09-11T17:57:02.113-07:00  INFO 16003 --- [       Thread-1] o.f.j.s.i.a.AcquireAsyncJobsDueRunnable  : starting to acquire async jobs due for engine cmmn
2025-09-11T17:57:02.113-07:00  INFO 16003 --- [       Thread-2] o.f.j.s.i.a.AcquireTimerJobsRunnable     : starting to acquire async jobs due for engine cmmn
2025-09-11T17:57:02.120-07:00  INFO 16003 --- [       Thread-4] o.f.j.s.i.a.AcquireAsyncJobsDueRunnable  : starting to acquire async jobs due for engine bpmn
2025-09-11T17:57:02.120-07:00  INFO 16003 --- [           main] o.f.s.c.DefaultAutoDeploymentStrategy    : Deploying resources [file [/Users/hejian/WorkSpace/src/turtle/backend/target/classes/processes/contract_approval.bpmn20.xml], file [/Users/hejian/WorkSpace/src/turtle/backend/target/classes/processes/flyingum_purchase_contract_approval.bpmn20.xml], file [/Users/hejian/WorkSpace/src/turtle/backend/target/classes/processes/flyingum_reimbursement_approval.bpmn20.xml], file [/Users/hejian/WorkSpace/src/turtle/backend/target/classes/processes/flyingum_sales_contract_approval.bpmn20.xml], file [/Users/hejian/WorkSpace/src/turtle/backend/target/classes/processes/reimbursement_approval.bpmn20.xml]] for engine org.flowable.engine.impl.ProcessEngineImpl@347b9f4 deployment name hint SpringBootAutoDeployment
2025-09-11T17:57:02.120-07:00  INFO 16003 --- [       Thread-6] o.f.j.s.i.a.ResetExpiredJobsRunnable     : starting to reset expired jobs for engine bpmn
2025-09-11T17:57:02.120-07:00  INFO 16003 --- [       Thread-5] o.f.j.s.i.a.AcquireTimerJobsRunnable     : starting to acquire async jobs due for engine bpmn
2025-09-11T17:57:02.138-07:00  WARN 16003 --- [           main] ConfigServletWebServerApplicationContext : Exception encountered during context initialization - cancelling refresh attempt: org.springframework.context.ApplicationContextException: Failed to start bean 'webServerStartStop'
2025-09-11T17:57:02.140-07:00  INFO 16003 --- [           main] o.f.j.s.i.a.AbstractAsyncExecutor        : Shutting down the async job executor [org.flowable.spring.job.service.SpringAsyncExecutor] for engine cmmn
2025-09-11T17:57:02.140-07:00  INFO 16003 --- [uire-timer-jobs] o.f.j.s.i.a.AcquireTimerJobsRunnable     : stopped async job due acquisition for engine cmmn
2025-09-11T17:57:02.140-07:00  INFO 16003 --- [uire-async-jobs] o.f.j.s.i.a.AcquireAsyncJobsDueRunnable  : stopped async job due acquisition for engine cmmn
2025-09-11T17:57:02.140-07:00  INFO 16003 --- [et-expired-jobs] o.f.j.s.i.a.ResetExpiredJobsRunnable     : stopped resetting expired jobs for engine cmmn
2025-09-11T17:57:02.150-07:00  INFO 16003 --- [           main] o.f.j.s.i.a.AbstractAsyncExecutor        : Shutting down the async job executor [org.flowable.spring.job.service.SpringAsyncExecutor] for engine bpmn
2025-09-11T17:57:02.150-07:00  INFO 16003 --- [et-expired-jobs] o.f.j.s.i.a.ResetExpiredJobsRunnable     : stopped resetting expired jobs for engine bpmn
2025-09-11T17:57:02.150-07:00  INFO 16003 --- [uire-timer-jobs] o.f.j.s.i.a.AcquireTimerJobsRunnable     : stopped async job due acquisition for engine bpmn
2025-09-11T17:57:02.150-07:00  INFO 16003 --- [uire-async-jobs] o.f.j.s.i.a.AcquireAsyncJobsDueRunnable  : stopped async job due acquisition for engine bpmn
2025-09-11T17:57:02.157-07:00  INFO 16003 --- [           main] j.LocalContainerEntityManagerFactoryBean : Closing JPA EntityManagerFactory for persistence unit 'default'
2025-09-11T17:57:02.158-07:00  INFO 16003 --- [           main] com.zaxxer.hikari.HikariDataSource       : HikariPool-1 - Shutdown initiated...
2025-09-11T17:57:02.160-07:00  INFO 16003 --- [           main] com.zaxxer.hikari.HikariDataSource       : HikariPool-1 - Shutdown completed.
2025-09-11T17:57:02.173-07:00  INFO 16003 --- [           main] .s.b.a.l.ConditionEvaluationReportLogger : 

Error starting ApplicationContext. To display the condition evaluation report re-run your application with 'debug' enabled.
2025-09-11T17:57:02.178-07:00 ERROR 16003 --- [           main] o.s.b.d.LoggingFailureAnalysisReporter   : 

***************************
APPLICATION FAILED TO START
***************************

Description:

Web server failed to start. Port 8080 was already in use.

Action:

Identify and stop the process that's listening on port 8080 or configure this application to listen on another port.

[INFO] ------------------------------------------------------------------------
[INFO] BUILD FAILURE
[INFO] ------------------------------------------------------------------------
[INFO] Total time:  7.937 s
[INFO] Finished at: 2025-09-11T17:57:03-07:00
[INFO] ------------------------------------------------------------------------
[ERROR] Failed to execute goal org.springframework.boot:spring-boot-maven-plugin:3.3.1:run (default-cli) on project turtle: Process terminated with exit code: 1 -> [Help 1]
[ERROR] 
[ERROR] To see the full stack trace of the errors, re-run Maven with the -e switch.
[ERROR] Re-run Maven using the -X switch to enable full debug logging.
[ERROR] 
[ERROR] For more information about the errors and possible solutions, please read the following articles:
[ERROR] [Help 1] http://cwiki.apache.org/confluence/display/MAVEN/MojoExecutionException
